------------------------------------------------------------
TimeQuest Timing Analyzer Summary
------------------------------------------------------------

Type  : Slow 1200mV 85C Model Setup 'bridgeLOL|up_clocks_0|DE_Clock_Generator_System|auto_generated|pll1|clk[0]'
Slack : 9.276
TNS   : 0.000

Type  : Slow 1200mV 85C Model Setup 'CLOCK_50'
Slack : 13.803
TNS   : 0.000

Type  : Slow 1200mV 85C Model Setup 'altera_reserved_tck'
Slack : 47.059
TNS   : 0.000

Type  : Slow 1200mV 85C Model Hold 'bridgeLOL|up_clocks_0|DE_Clock_Generator_System|auto_generated|pll1|clk[0]'
Slack : 0.401
TNS   : 0.000

Type  : Slow 1200mV 85C Model Hold 'altera_reserved_tck'
Slack : 0.405
TNS   : 0.000

Type  : Slow 1200mV 85C Model Hold 'CLOCK_50'
Slack : 2.054
TNS   : 0.000

Type  : Slow 1200mV 85C Model Recovery 'bridgeLOL|up_clocks_0|DE_Clock_Generator_System|auto_generated|pll1|clk[0]'
Slack : 12.903
TNS   : 0.000

Type  : Slow 1200mV 85C Model Recovery 'altera_reserved_tck'
Slack : 48.092
TNS   : 0.000

Type  : Slow 1200mV 85C Model Removal 'altera_reserved_tck'
Slack : 1.004
TNS   : 0.000

Type  : Slow 1200mV 85C Model Removal 'bridgeLOL|up_clocks_0|DE_Clock_Generator_System|auto_generated|pll1|clk[0]'
Slack : 5.813
TNS   : 0.000

Type  : Slow 1200mV 85C Model Minimum Pulse Width 'CLOCK_50'
Slack : 9.681
TNS   : 0.000

Type  : Slow 1200mV 85C Model Minimum Pulse Width 'bridgeLOL|up_clocks_0|DE_Clock_Generator_System|auto_generated|pll1|clk[0]'
Slack : 9.709
TNS   : 0.000

Type  : Slow 1200mV 85C Model Minimum Pulse Width 'CLOCK2_50'
Slack : 16.000
TNS   : 0.000

Type  : Slow 1200mV 85C Model Minimum Pulse Width 'CLOCK3_50'
Slack : 16.000
TNS   : 0.000

Type  : Slow 1200mV 85C Model Minimum Pulse Width 'altera_reserved_tck'
Slack : 49.548
TNS   : 0.000

Type  : Slow 1200mV 0C Model Setup 'bridgeLOL|up_clocks_0|DE_Clock_Generator_System|auto_generated|pll1|clk[0]'
Slack : 9.925
TNS   : 0.000

Type  : Slow 1200mV 0C Model Setup 'CLOCK_50'
Slack : 14.135
TNS   : 0.000

Type  : Slow 1200mV 0C Model Setup 'altera_reserved_tck'
Slack : 47.392
TNS   : 0.000

Type  : Slow 1200mV 0C Model Hold 'bridgeLOL|up_clocks_0|DE_Clock_Generator_System|auto_generated|pll1|clk[0]'
Slack : 0.353
TNS   : 0.000

Type  : Slow 1200mV 0C Model Hold 'altera_reserved_tck'
Slack : 0.355
TNS   : 0.000

Type  : Slow 1200mV 0C Model Hold 'CLOCK_50'
Slack : 1.945
TNS   : 0.000

Type  : Slow 1200mV 0C Model Recovery 'bridgeLOL|up_clocks_0|DE_Clock_Generator_System|auto_generated|pll1|clk[0]'
Slack : 13.427
TNS   : 0.000

Type  : Slow 1200mV 0C Model Recovery 'altera_reserved_tck'
Slack : 48.384
TNS   : 0.000

Type  : Slow 1200mV 0C Model Removal 'altera_reserved_tck'
Slack : 0.906
TNS   : 0.000

Type  : Slow 1200mV 0C Model Removal 'bridgeLOL|up_clocks_0|DE_Clock_Generator_System|auto_generated|pll1|clk[0]'
Slack : 5.179
TNS   : 0.000

Type  : Slow 1200mV 0C Model Minimum Pulse Width 'CLOCK_50'
Slack : 9.688
TNS   : 0.000

Type  : Slow 1200mV 0C Model Minimum Pulse Width 'bridgeLOL|up_clocks_0|DE_Clock_Generator_System|auto_generated|pll1|clk[0]'
Slack : 9.709
TNS   : 0.000

Type  : Slow 1200mV 0C Model Minimum Pulse Width 'CLOCK2_50'
Slack : 16.000
TNS   : 0.000

Type  : Slow 1200mV 0C Model Minimum Pulse Width 'CLOCK3_50'
Slack : 16.000
TNS   : 0.000

Type  : Slow 1200mV 0C Model Minimum Pulse Width 'altera_reserved_tck'
Slack : 49.477
TNS   : 0.000

Type  : Fast 1200mV 0C Model Setup 'bridgeLOL|up_clocks_0|DE_Clock_Generator_System|auto_generated|pll1|clk[0]'
Slack : 14.172
TNS   : 0.000

Type  : Fast 1200mV 0C Model Setup 'CLOCK_50'
Slack : 16.796
TNS   : 0.000

Type  : Fast 1200mV 0C Model Setup 'altera_reserved_tck'
Slack : 48.960
TNS   : 0.000

Type  : Fast 1200mV 0C Model Hold 'bridgeLOL|up_clocks_0|DE_Clock_Generator_System|auto_generated|pll1|clk[0]'
Slack : 0.181
TNS   : 0.000

Type  : Fast 1200mV 0C Model Hold 'altera_reserved_tck'
Slack : 0.183
TNS   : 0.000

Type  : Fast 1200mV 0C Model Hold 'CLOCK_50'
Slack : 0.791
TNS   : 0.000

Type  : Fast 1200mV 0C Model Recovery 'bridgeLOL|up_clocks_0|DE_Clock_Generator_System|auto_generated|pll1|clk[0]'
Slack : 16.219
TNS   : 0.000

Type  : Fast 1200mV 0C Model Recovery 'altera_reserved_tck'
Slack : 49.385
TNS   : 0.000

Type  : Fast 1200mV 0C Model Removal 'altera_reserved_tck'
Slack : 0.490
TNS   : 0.000

Type  : Fast 1200mV 0C Model Removal 'bridgeLOL|up_clocks_0|DE_Clock_Generator_System|auto_generated|pll1|clk[0]'
Slack : 2.939
TNS   : 0.000

Type  : Fast 1200mV 0C Model Minimum Pulse Width 'CLOCK_50'
Slack : 9.266
TNS   : 0.000

Type  : Fast 1200mV 0C Model Minimum Pulse Width 'bridgeLOL|up_clocks_0|DE_Clock_Generator_System|auto_generated|pll1|clk[0]'
Slack : 9.753
TNS   : 0.000

Type  : Fast 1200mV 0C Model Minimum Pulse Width 'CLOCK2_50'
Slack : 16.000
TNS   : 0.000

Type  : Fast 1200mV 0C Model Minimum Pulse Width 'CLOCK3_50'
Slack : 16.000
TNS   : 0.000

Type  : Fast 1200mV 0C Model Minimum Pulse Width 'altera_reserved_tck'
Slack : 49.302
TNS   : 0.000

------------------------------------------------------------
